#-----------------------------------------------------------
# xsim v2025.1 (64-bit)
# SW Build 6140274 on Wed May 21 22:58:25 MDT 2025
# IP Build 6138677 on Thu May 22 03:10:11 MDT 2025
# SharedData Build 6139179 on Tue May 20 17:58:58 MDT 2025
# Start of session at: Tue Dec  9 20:27:19 2025
# Process ID         : 839691
# Current directory  : /home/krxu/project_verif
# Command line       : xsim -mode tcl -source {xsim.dir/test/xsim_script.tcl}
# Log file           : /home/krxu/project_verif/xsim.log
# Journal file       : /home/krxu/project_verif/xsim.jou
# Running On         : eecs-digital-39
# Platform           : Ubuntu
# Operating System   : Ubuntu 24.04.3 LTS
# Processor Detail   : AMD Ryzen 7 5825U with Radeon Graphics
# CPU Frequency      : 4204.947 MHz
# CPU Physical cores : 8
# CPU Logical cores  : 16
# Host memory        : 29342 MB
# Swap memory        : 8589 MB
# Total Virtual      : 37932 MB
# Available Virtual  : 26056 MB
#-----------------------------------------------------------
source xsim.dir/test/xsim_script.tcl
source xsim_run_wave.tcl
